[dotenv@17.2.3] injecting env (0) from .env -- tip: ΓÜÖ∩╕Å  write to custom object with { processEnv: myObject }
Running Analysis Test with Image Input...
Analyzing image...
node : AI Analysis 
Error: GoogleGenerati
veAIFetchError: 
[GoogleGenerativeAI 
Error]: Error 
fetching from https:/
/generativelanguage.g
oogleapis.com/v1beta/
models/gemini-1.5-fla
sh:generateContent: 
[400 Bad Request] 
API key not valid. 
Please pass a valid 
API key. [{"@type":"t
ype.googleapis.com/go
ogle.rpc.ErrorInfo","
reason":"API_KEY_INVA
LID","domain":"google
apis.com","metadata":
{"service":"generativ
elanguage.googleapis.
com"}},{"@type":"type
.googleapis.com/googl
e.rpc.LocalizedMessag
e","locale":"en-US","
message":"API key 
not valid. Please 
pass a valid API 
key."}]
At line:1 char:1
+ node tests/test-ana
lysis.js > 
test_output.txt 2>&1
+ ~~~~~~~~~~~~~~~~~~~
~~~~~~~~~~~~~~~~~~~~~
~~~~~~~~~~
    + CategoryInfo   
           : NotSpe  
  cified: (AI Anal   
 ysis Err...lid A    
PI key."}]:Strin    
g) [], RemoteExc    
eption
    + FullyQualified 
   ErrorId : Native  
  CommandError
 
    at 
handleResponseNotOk 
(C:\Users\Yug Shah\On
eDrive\Desktop\Nutrit
ion AI Native System\
server\node_modules\@
google\generative-ai\
dist\index.js:434:11)
    at process.proces
sTicksAndRejections (
node:internal/process
/task_queues:105:5)
    at async 
makeRequest 
(C:\Users\Yug Shah\On
eDrive\Desktop\Nutrit
ion AI Native System\
server\node_modules\@
google\generative-ai\
dist\index.js:403:9)
    at async 
generateContent 
(C:\Users\Yug Shah\On
eDrive\Desktop\Nutrit
ion AI Native System\
server\node_modules\@
google\generative-ai\
dist\index.js:867:22)
    at async 
analyzeProduct 
(C:\Users\Yug Shah\On
eDrive\Desktop\Nutrit
ion AI Native System\
server\ai-service.js:
51:24)
    at async runTest 
(C:\Users\Yug Shah\On
eDrive\Desktop\Nutrit
ion AI Native System\
server\tests\test-ana
lysis.js:17:24) {
  status: 400,
  statusText: 'Bad 
Request',
  errorDetails: [
    {
      '@type': 'type.
googleapis.com/google
.rpc.ErrorInfo',
      reason: 
'API_KEY_INVALID',
      domain: 
'googleapis.com',
      metadata: 
[Object]
    },
    {
      '@type': 'type.
googleapis.com/google
.rpc.LocalizedMessage
',
      locale: 
'en-US',
      message: 'API 
key not valid. 
Please pass a valid 
API key.'
    }
  ]
}
Test Failed: Error: 
Failed to analyze 
product. Please try 
again.
    at 
analyzeProduct 
(C:\Users\Yug Shah\On
eDrive\Desktop\Nutrit
ion AI Native System\
server\ai-service.js:
59:15)
    at process.proces
sTicksAndRejections (
node:internal/process
/task_queues:105:5)
    at async runTest 
(C:\Users\Yug Shah\On
eDrive\Desktop\Nutrit
ion AI Native System\
server\tests\test-ana
lysis.js:17:24)
